exports[`reducer ADD_USERS_SUCCESS adds the user code to the array 1`] = `undefined`;
